0,2,100000000000000
1,1,42949672940000000
2,0,4611686014132420609